00:00 +0: loading D:/Shadow/Projects/Personal/Worship Chat/worship_chat/test/forward_message_test.dart
00:00 +0: ForwardMessagePayload tests ForwardMessageSheet builds without error
══╡ EXCEPTION CAUGHT BY WIDGETS LIBRARY ╞═══════════════════════════════════════════════════════════
The following FirebaseException was thrown building ForwardMessageSheet(dirty, dependencies:
[MediaQuery, UncontrolledProviderScope], state: _ForwardMessageSheetState#6e4a0(ticker inactive)):
[core/no-app] No Firebase App '[DEFAULT]' has been created - call Firebase.initializeApp()

The relevant error-causing widget was:
  ForwardMessageSheet
  ForwardMessageSheet:file:///D:/Shadow/Projects/Personal/Worship%20Chat/worship_chat/test/forward_message_test.dart:97:21

When the exception was thrown, this was the stack:
#1      _ProviderStateSubscription.read (package:riverpod/src/framework/provider_base.dart:181:28)
#2      ConsumerStatefulElement.watch (package:flutter_riverpod/src/consumer.dart:568:8)
#3      _ForwardMessageSheetState._buildDirectChatsTab (package:worship_chat/features/chat/widgets/forward_message_sheet.dart:548:19)
#4      _ForwardMessageSheetState.build (package:worship_chat/features/chat/widgets/forward_message_sheet.dart:442:19)
#5      StatefulElement.build (package:flutter/src/widgets/framework.dart:5944:27)
#6      ConsumerStatefulElement.build (package:flutter_riverpod/src/consumer.dart:539:20)
#7      ComponentElement.performRebuild (package:flutter/src/widgets/framework.dart:5830:15)
#8      StatefulElement.performRebuild (package:flutter/src/widgets/framework.dart:5995:11)
#9      Element.rebuild (package:flutter/src/widgets/framework.dart:5542:7)
#10     ComponentElement._firstBuild (package:flutter/src/widgets/framework.dart:5812:5)
#11     StatefulElement._firstBuild (package:flutter/src/widgets/framework.dart:5986:11)
#12     ComponentElement.mount (package:flutter/src/widgets/framework.dart:5806:5)
...     Normal element mounting (25 frames)
#37     Element.inflateWidget (package:flutter/src/widgets/framework.dart:4600:20)
#38     MultiChildRenderObjectElement.inflateWidget (package:flutter/src/widgets/framework.dart:7277:36)
#39     MultiChildRenderObjectElement.mount (package:flutter/src/widgets/framework.dart:7292:32)
...     Normal element mounting (362 frames)
#401    Element.inflateWidget (package:flutter/src/widgets/framework.dart:4600:20)
#402    MultiChildRenderObjectElement.inflateWidget (package:flutter/src/widgets/framework.dart:7277:36)
#403    MultiChildRenderObjectElement.mount (package:flutter/src/widgets/framework.dart:7292:32)
...     Normal element mounting (473 frames)
#876    _UncontrolledProviderScopeElement.mount (package:flutter_riverpod/src/framework.dart:315:11)
...     Normal element mounting (9 frames)
#885    Element.inflateWidget (package:flutter/src/widgets/framework.dart:4600:20)
#886    Element.updateChild (package:flutter/src/widgets/framework.dart:4066:20)
#887    ComponentElement.performRebuild (package:flutter/src/widgets/framework.dart:5854:16)
#888    Element.rebuild (package:flutter/src/widgets/framework.dart:5542:7)
#889    ProxyElement.update (package:flutter/src/widgets/framework.dart:6162:5)
#890    _InheritedNotifierElement.update (package:flutter/src/widgets/inherited_notifier.dart:108:11)
#891    Element.updateChild (package:flutter/src/widgets/framework.dart:4050:15)
#892    ComponentElement.performRebuild (package:flutter/src/widgets/framework.dart:5854:16)
#893    StatefulElement.performRebuild (package:flutter/src/widgets/framework.dart:5995:11)
#894    Element.rebuild (package:flutter/src/widgets/framework.dart:5542:7)
#895    StatefulElement.update (package:flutter/src/widgets/framework.dart:6020:5)
#896    Element.updateChild (package:flutter/src/widgets/framework.dart:4050:15)
#897    ComponentElement.performRebuild (package:flutter/src/widgets/framework.dart:5854:16)
#898    Element.rebuild (package:flutter/src/widgets/framework.dart:5542:7)
#899    ProxyElement.update (package:flutter/src/widgets/framework.dart:6162:5)
#900    _InheritedNotifierElement.update (package:flutter/src/widgets/inherited_notifier.dart:108:11)
#901    Element.updateChild (package:flutter/src/widgets/framework.dart:4050:15)
#902    ComponentElement.performRebuild (package:flutter/src/widgets/framework.dart:5854:16)
#903    StatefulElement.performRebuild (package:flutter/src/widgets/framework.dart:5995:11)
#904    Element.rebuild (package:flutter/src/widgets/framework.dart:5542:7)
#905    StatefulElement.update (package:flutter/src/widgets/framework.dart:6020:5)
#906    Element.updateChild (package:flutter/src/widgets/framework.dart:4050:15)
#907    ComponentElement.performRebuild (package:flutter/src/widgets/framework.dart:5854:16)
#908    StatefulElement.performRebuild (package:flutter/src/widgets/framework.dart:5995:11)
#909    Element.rebuild (package:flutter/src/widgets/framework.dart:5542:7)
#910    StatefulElement.update (package:flutter/src/widgets/framework.dart:6020:5)
#911    Element.updateChild (package:flutter/src/widgets/framework.dart:4050:15)
#912    ComponentElement.performRebuild (package:flutter/src/widgets/framework.dart:5854:16)
#913    Element.rebuild (package:flutter/src/widgets/framework.dart:5542:7)
#914    ProxyElement.update (package:flutter/src/widgets/framework.dart:6162:5)
#915    Element.updateChild (package:flutter/src/widgets/framework.dart:4050:15)
#916    ComponentElement.performRebuild (package:flutter/src/widgets/framework.dart:5854:16)
#917    StatefulElement.performRebuild (package:flutter/src/widgets/framework.dart:5995:11)
#918    Element.rebuild (package:flutter/src/widgets/framework.dart:5542:7)
#919    StatefulElement.update (package:flutter/src/widgets/framework.dart:6020:5)
#920    Element.updateChild (package:flutter/src/widgets/framework.dart:4050:15)
#921    ComponentElement.performRebuild (package:flutter/src/widgets/framework.dart:5854:16)
#922    Element.rebuild (package:flutter/src/widgets/framework.dart:5542:7)
#923    ProxyElement.update (package:flutter/src/widgets/framework.dart:6162:5)
#924    Element.updateChild (package:flutter/src/widgets/framework.dart:4050:15)
#925    ComponentElement.performRebuild (package:flutter/src/widgets/framework.dart:5854:16)
#926    Element.rebuild (package:flutter/src/widgets/framework.dart:5542:7)
#927    ProxyElement.update (package:flutter/src/widgets/framework.dart:6162:5)
#928    Element.updateChild (package:flutter/src/widgets/framework.dart:4050:15)
#929    _RawViewElement._updateChild (package:flutter/src/widgets/view.dart:488:16)
#930    _RawViewElement.update (package:flutter/src/widgets/view.dart:575:5)
#931    Element.updateChild (package:flutter/src/widgets/framework.dart:4050:15)
#932    ComponentElement.performRebuild (package:flutter/src/widgets/framework.dart:5854:16)
#933    Element.rebuild (package:flutter/src/widgets/framework.dart:5542:7)
#934    StatelessElement.update (package:flutter/src/widgets/framework.dart:5908:5)
#935    Element.updateChild (package:flutter/src/widgets/framework.dart:4050:15)
#936    ComponentElement.performRebuild (package:flutter/src/widgets/framework.dart:5854:16)
#937    StatefulElement.performRebuild (package:flutter/src/widgets/framework.dart:5995:11)
#938    Element.rebuild (package:flutter/src/widgets/framework.dart:5542:7)
#939    StatefulElement.update (package:flutter/src/widgets/framework.dart:6020:5)
#940    Element.updateChild (package:flutter/src/widgets/framework.dart:4050:15)
#941    RootElement._rebuild (package:flutter/src/widgets/binding.dart:2091:16)
#942    RootElement.update (package:flutter/src/widgets/binding.dart:2069:5)
#943    RootElement.performRebuild (package:flutter/src/widgets/binding.dart:2083:7)
#944    Element.rebuild (package:flutter/src/widgets/framework.dart:5542:7)
#945    BuildScope._tryRebuild (package:flutter/src/widgets/framework.dart:2763:15)
#946    BuildScope._flushDirtyElements (package:flutter/src/widgets/framework.dart:2820:11)
#947    BuildOwner.buildScope (package:flutter/src/widgets/framework.dart:3124:18)
#948    AutomatedTestWidgetsFlutterBinding.drawFrame (package:flutter_test/src/binding.dart:2432:19)
#949    RendererBinding._handlePersistentFrameCallback (package:flutter/src/rendering/binding.dart:558:5)
#950    SchedulerBinding._invokeFrameCallback (package:flutter/src/scheduler/binding.dart:1430:15)
#951    SchedulerBinding.handleDrawFrame (package:flutter/src/scheduler/binding.dart:1345:9)
#952    AutomatedTestWidgetsFlutterBinding.pump.<anonymous closure> (package:flutter_test/src/binding.dart:2261:9)
#955    TestAsyncUtils.guard (package:flutter_test/src/test_async_utils.dart:74:41)
#956    AutomatedTestWidgetsFlutterBinding.pump (package:flutter_test/src/binding.dart:2250:27)
#957    WidgetTester.pumpWidget.<anonymous closure> (package:flutter_test/src/widget_tester.dart:598:22)
#960    TestAsyncUtils.guard (package:flutter_test/src/test_async_utils.dart:74:41)
#961    WidgetTester.pumpWidget (package:flutter_test/src/widget_tester.dart:595:27)
#962    main.<anonymous closure>.<anonymous closure> (file:///D:/Shadow/Projects/Personal/Worship%20Chat/worship_chat/test/forward_message_test.dart:93:20)
#963    testWidgets.<anonymous closure>.<anonymous closure> (package:flutter_test/src/widget_tester.dart:192:29)
#964    TestWidgetsFlutterBinding._runTestBody (package:flutter_test/src/binding.dart:1953:5)
#966    ProviderElementBase.watch (package:riverpod/src/framework/element.dart:742:20)
#967    chatControllerProvider.<anonymous closure> (package:worship_chat/features/chat/controller/chat_controller.dart:16:30)
#968    ProviderContainer.listen (package:riverpod/src/framework/container.dart:280:21)
#969    ConsumerStatefulElement.watch.<anonymous closure> (package:flutter_riverpod/src/consumer.dart:564:25)
#970    _LinkedHashMapMixin.putIfAbsent (dart:_compact_hash:631:23)
#971    ConsumerStatefulElement.watch (package:flutter_riverpod/src/consumer.dart:557:26)
#972    _ForwardMessageSheetState._buildDirectChatsTab (package:worship_chat/features/chat/widgets/forward_message_sheet.dart:548:19)
#973    _ForwardMessageSheetState.build (package:worship_chat/features/chat/widgets/forward_message_sheet.dart:442:19)
#974    StatefulElement.build (package:flutter/src/widgets/framework.dart:5944:27)
#975    ConsumerStatefulElement.build (package:flutter_riverpod/src/consumer.dart:539:20)
#976    ComponentElement.performRebuild (package:flutter/src/widgets/framework.dart:5830:15)
#977    StatefulElement.performRebuild (package:flutter/src/widgets/framework.dart:5995:11)
#978    Element.rebuild (package:flutter/src/widgets/framework.dart:5542:7)
#979    ComponentElement._firstBuild (package:flutter/src/widgets/framework.dart:5812:5)
#980    StatefulElement._firstBuild (package:flutter/src/widgets/framework.dart:5986:11)
#981    ComponentElement.mount (package:flutter/src/widgets/framework.dart:5806:5)
...     Normal element mounting (25 frames)
#1006   Element.inflateWidget (package:flutter/src/widgets/framework.dart:4600:20)
#1007   MultiChildRenderObjectElement.inflateWidget (package:flutter/src/widgets/framework.dart:7277:36)
#1008   MultiChildRenderObjectElement.mount (package:flutter/src/widgets/framework.dart:7292:32)
...     Normal element mounting (362 frames)
#1370   Element.inflateWidget (package:flutter/src/widgets/framework.dart:4600:20)
#1371   MultiChildRenderObjectElement.inflateWidget (package:flutter/src/widgets/framework.dart:7277:36)
#1372   MultiChildRenderObjectElement.mount (package:flutter/src/widgets/framework.dart:7292:32)
...     Normal element mounting (473 frames)
#1845   _UncontrolledProviderScopeElement.mount (package:flutter_riverpod/src/framework.dart:315:11)
...     Normal element mounting (9 frames)
#1854   Element.inflateWidget (package:flutter/src/widgets/framework.dart:4600:20)
#1855   Element.updateChild (package:flutter/src/widgets/framework.dart:4066:20)
#1856   ComponentElement.performRebuild (package:flutter/src/widgets/framework.dart:5854:16)
#1857   Element.rebuild (package:flutter/src/widgets/framework.dart:5542:7)
#1858   ProxyElement.update (package:flutter/src/widgets/framework.dart:6162:5)
#1859   _InheritedNotifierElement.update (package:flutter/src/widgets/inherited_notifier.dart:108:11)
#1860   Element.updateChild (package:flutter/src/widgets/framework.dart:4050:15)
#1861   ComponentElement.performRebuild (package:flutter/src/widgets/framework.dart:5854:16)
#1862   StatefulElement.performRebuild (package:flutter/src/widgets/framework.dart:5995:11)
#1863   Element.rebuild (package:flutter/src/widgets/framework.dart:5542:7)
#1864   StatefulElement.update (package:flutter/src/widgets/framework.dart:6020:5)
#1865   Element.updateChild (package:flutter/src/widgets/framework.dart:4050:15)
#1866   ComponentElement.performRebuild (package:flutter/src/widgets/framework.dart:5854:16)
#1867   Element.rebuild (package:flutter/src/widgets/framework.dart:5542:7)
#1868   ProxyElement.update (package:flutter/src/widgets/framework.dart:6162:5)
#1869   _InheritedNotifierElement.update (package:flutter/src/widgets/inherited_notifier.dart:108:11)
#1870   Element.updateChild (package:flutter/src/widgets/framework.dart:4050:15)
#1871   ComponentElement.performRebuild (package:flutter/src/widgets/framework.dart:5854:16)
#1872   StatefulElement.performRebuild (package:flutter/src/widgets/framework.dart:5995:11)
#1873   Element.rebuild (package:flutter/src/widgets/framework.dart:5542:7)
#1874   StatefulElement.update (package:flutter/src/widgets/framework.dart:6020:5)
#1875   Element.updateChild (package:flutter/src/widgets/framework.dart:4050:15)
#1876   ComponentElement.performRebuild (package:flutter/src/widgets/framework.dart:5854:16)
#1877   StatefulElement.performRebuild (package:flutter/src/widgets/framework.dart:5995:11)
#1878   Element.rebuild (package:flutter/src/widgets/framework.dart:5542:7)
#1879   StatefulElement.update (package:flutter/src/widgets/framework.dart:6020:5)
#1880   Element.updateChild (package:flutter/src/widgets/framework.dart:4050:15)
#1881   ComponentElement.performRebuild (package:flutter/src/widgets/framework.dart:5854:16)
#1882   Element.rebuild (package:flutter/src/widgets/framework.dart:5542:7)
#1883   ProxyElement.update (package:flutter/src/widgets/framework.dart:6162:5)
#1884   Element.updateChild (package:flutter/src/widgets/framework.dart:4050:15)
#1885   ComponentElement.performRebuild (package:flutter/src/widgets/framework.dart:5854:16)
#1886   StatefulElement.performRebuild (package:flutter/src/widgets/framework.dart:5995:11)
#1887   Element.rebuild (package:flutter/src/widgets/framework.dart:5542:7)
#1888   StatefulElement.update (package:flutter/src/widgets/framework.dart:6020:5)
#1889   Element.updateChild (package:flutter/src/widgets/framework.dart:4050:15)
#1890   ComponentElement.performRebuild (package:flutter/src/widgets/framework.dart:5854:16)
#1891   Element.rebuild (package:flutter/src/widgets/framework.dart:5542:7)
#1892   ProxyElement.update (package:flutter/src/widgets/framework.dart:6162:5)
#1893   Element.updateChild (package:flutter/src/widgets/framework.dart:4050:15)
#1894   ComponentElement.performRebuild (package:flutter/src/widgets/framework.dart:5854:16)
#1895   Element.rebuild (package:flutter/src/widgets/framework.dart:5542:7)
#1896   ProxyElement.update (package:flutter/src/widgets/framework.dart:6162:5)
#1897   Element.updateChild (package:flutter/src/widgets/framework.dart:4050:15)
#1898   _RawViewElement._updateChild (package:flutter/src/widgets/view.dart:488:16)
#1899   _RawViewElement.update (package:flutter/src/widgets/view.dart:575:5)
#1900   Element.updateChild (package:flutter/src/widgets/framework.dart:4050:15)
#1901   ComponentElement.performRebuild (package:flutter/src/widgets/framework.dart:5854:16)
#1902   Element.rebuild (package:flutter/src/widgets/framework.dart:5542:7)
#1903   StatelessElement.update (package:flutter/src/widgets/framework.dart:5908:5)
#1904   Element.updateChild (package:flutter/src/widgets/framework.dart:4050:15)
#1905   ComponentElement.performRebuild (package:flutter/src/widgets/framework.dart:5854:16)
#1906   StatefulElement.performRebuild (package:flutter/src/widgets/framework.dart:5995:11)
#1907   Element.rebuild (package:flutter/src/widgets/framework.dart:5542:7)
#1908   StatefulElement.update (package:flutter/src/widgets/framework.dart:6020:5)
#1909   Element.updateChild (package:flutter/src/widgets/framework.dart:4050:15)
#1910   RootElement._rebuild (package:flutter/src/widgets/binding.dart:2091:16)
#1911   RootElement.update (package:flutter/src/widgets/binding.dart:2069:5)
#1912   RootElement.performRebuild (package:flutter/src/widgets/binding.dart:2083:7)
#1913   Element.rebuild (package:flutter/src/widgets/framework.dart:5542:7)
#1914   BuildScope._tryRebuild (package:flutter/src/widgets/framework.dart:2763:15)
#1915   BuildScope._flushDirtyElements (package:flutter/src/widgets/framework.dart:2820:11)
#1916   BuildOwner.buildScope (package:flutter/src/widgets/framework.dart:3124:18)
#1917   AutomatedTestWidgetsFlutterBinding.drawFrame (package:flutter_test/src/binding.dart:2432:19)
#1918   RendererBinding._handlePersistentFrameCallback (package:flutter/src/rendering/binding.dart:558:5)
#1919   SchedulerBinding._invokeFrameCallback (package:flutter/src/scheduler/binding.dart:1430:15)
#1920   SchedulerBinding.handleDrawFrame (package:flutter/src/scheduler/binding.dart:1345:9)
#1921   AutomatedTestWidgetsFlutterBinding.pump.<anonymous closure> (package:flutter_test/src/binding.dart:2261:9)
#1924   TestAsyncUtils.guard (package:flutter_test/src/test_async_utils.dart:74:41)
#1925   AutomatedTestWidgetsFlutterBinding.pump (package:flutter_test/src/binding.dart:2250:27)
#1926   WidgetTester.pumpWidget.<anonymous closure> (package:flutter_test/src/widget_tester.dart:598:22)
#1929   TestAsyncUtils.guard (package:flutter_test/src/test_async_utils.dart:74:41)
#1930   WidgetTester.pumpWidget (package:flutter_test/src/widget_tester.dart:595:27)
#1931   main.<anonymous closure>.<anonymous closure> (file:///D:/Shadow/Projects/Personal/Worship%20Chat/worship_chat/test/forward_message_test.dart:93:20)
#1932   testWidgets.<anonymous closure>.<anonymous closure> (package:flutter_test/src/widget_tester.dart:192:29)
#1933   TestWidgetsFlutterBinding._runTestBody (package:flutter_test/src/binding.dart:1953:5)
#1935   MethodChannelFirebase.app (package:firebase_core_platform_interface/src/method_channel/method_channel_firebase.dart:190:5)
#1936   Firebase.app (package:firebase_core/src/firebase.dart:79:41)
#1937   FirebaseFirestore.instance (package:cloud_firestore/src/firestore.dart:33:21)
#1938   chatRepositoryProvider.<anonymous closure> (package:worship_chat/features/chat/repositories/chat_repository.dart:25:34)
#1939   ProviderElementBase.watch (package:riverpod/src/framework/element.dart:714:12)
#1940   chatControllerProvider.<anonymous closure> (package:worship_chat/features/chat/controller/chat_controller.dart:16:30)
#1941   ProviderContainer.listen (package:riverpod/src/framework/container.dart:280:21)
#1942   ConsumerStatefulElement.watch.<anonymous closure> (package:flutter_riverpod/src/consumer.dart:564:25)
#1943   _LinkedHashMapMixin.putIfAbsent (dart:_compact_hash:631:23)
#1944   ConsumerStatefulElement.watch (package:flutter_riverpod/src/consumer.dart:557:26)
#1945   _ForwardMessageSheetState._buildDirectChatsTab (package:worship_chat/features/chat/widgets/forward_message_sheet.dart:548:19)
#1946   _ForwardMessageSheetState.build (package:worship_chat/features/chat/widgets/forward_message_sheet.dart:442:19)
#1947   StatefulElement.build (package:flutter/src/widgets/framework.dart:5944:27)
#1948   ConsumerStatefulElement.build (package:flutter_riverpod/src/consumer.dart:539:20)
#1949   ComponentElement.performRebuild (package:flutter/src/widgets/framework.dart:5830:15)
#1950   StatefulElement.performRebuild (package:flutter/src/widgets/framework.dart:5995:11)
#1951   Element.rebuild (package:flutter/src/widgets/framework.dart:5542:7)
#1952   ComponentElement._firstBuild (package:flutter/src/widgets/framework.dart:5812:5)
#1953   StatefulElement._firstBuild (package:flutter/src/widgets/framework.dart:5986:11)
#1954   ComponentElement.mount (package:flutter/src/widgets/framework.dart:5806:5)
...     Normal element mounting (25 frames)
#1979   Element.inflateWidget (package:flutter/src/widgets/framework.dart:4600:20)
#1980   MultiChildRenderObjectElement.inflateWidget (package:flutter/src/widgets/framework.dart:7277:36)
#1981   MultiChildRenderObjectElement.mount (package:flutter/src/widgets/framework.dart:7292:32)
...     Normal element mounting (362 frames)
#2343   Element.inflateWidget (package:flutter/src/widgets/framework.dart:4600:20)
#2344   MultiChildRenderObjectElement.inflateWidget (package:flutter/src/widgets/framework.dart:7277:36)
#2345   MultiChildRenderObjectElement.mount (package:flutter/src/widgets/framework.dart:7292:32)
...     Normal element mounting (473 frames)
#2818   _UncontrolledProviderScopeElement.mount (package:flutter_riverpod/src/framework.dart:315:11)
...     Normal element mounting (9 frames)
#2827   Element.inflateWidget (package:flutter/src/widgets/framework.dart:4600:20)
#2828   Element.updateChild (package:flutter/src/widgets/framework.dart:4066:20)
#2829   ComponentElement.performRebuild (package:flutter/src/widgets/framework.dart:5854:16)
#2830   Element.rebuild (package:flutter/src/widgets/framework.dart:5542:7)
#2831   ProxyElement.update (package:flutter/src/widgets/framework.dart:6162:5)
#2832   _InheritedNotifierElement.update (package:flutter/src/widgets/inherited_notifier.dart:108:11)
#2833   Element.updateChild (package:flutter/src/widgets/framework.dart:4050:15)
#2834   ComponentElement.performRebuild (package:flutter/src/widgets/framework.dart:5854:16)
#2835   StatefulElement.performRebuild (package:flutter/src/widgets/framework.dart:5995:11)
#2836   Element.rebuild (package:flutter/src/widgets/framework.dart:5542:7)
#2837   StatefulElement.update (package:flutter/src/widgets/framework.dart:6020:5)
#2838   Element.updateChild (package:flutter/src/widgets/framework.dart:4050:15)
#2839   ComponentElement.performRebuild (package:flutter/src/widgets/framework.dart:5854:16)
#2840   Element.rebuild (package:flutter/src/widgets/framework.dart:5542:7)
#2841   ProxyElement.update (package:flutter/src/widgets/framework.dart:6162:5)
#2842   _InheritedNotifierElement.update (package:flutter/src/widgets/inherited_notifier.dart:108:11)
#2843   Element.updateChild (package:flutter/src/widgets/framework.dart:4050:15)
#2844   ComponentElement.performRebuild (package:flutter/src/widgets/framework.dart:5854:16)
#2845   StatefulElement.performRebuild (package:flutter/src/widgets/framework.dart:5995:11)
#2846   Element.rebuild (package:flutter/src/widgets/framework.dart:5542:7)
#2847   StatefulElement.update (package:flutter/src/widgets/framework.dart:6020:5)
#2848   Element.updateChild (package:flutter/src/widgets/framework.dart:4050:15)
#2849   ComponentElement.performRebuild (package:flutter/src/widgets/framework.dart:5854:16)
#2850   StatefulElement.performRebuild (package:flutter/src/widgets/framework.dart:5995:11)
#2851   Element.rebuild (package:flutter/src/widgets/framework.dart:5542:7)
#2852   StatefulElement.update (package:flutter/src/widgets/framework.dart:6020:5)
#2853   Element.updateChild (package:flutter/src/widgets/framework.dart:4050:15)
#2854   ComponentElement.performRebuild (package:flutter/src/widgets/framework.dart:5854:16)
#2855   Element.rebuild (package:flutter/src/widgets/framework.dart:5542:7)
#2856   ProxyElement.update (package:flutter/src/widgets/framework.dart:6162:5)
#2857   Element.updateChild (package:flutter/src/widgets/framework.dart:4050:15)
#2858   ComponentElement.performRebuild (package:flutter/src/widgets/framework.dart:5854:16)
#2859   StatefulElement.performRebuild (package:flutter/src/widgets/framework.dart:5995:11)
#2860   Element.rebuild (package:flutter/src/widgets/framework.dart:5542:7)
#2861   StatefulElement.update (package:flutter/src/widgets/framework.dart:6020:5)
#2862   Element.updateChild (package:flutter/src/widgets/framework.dart:4050:15)
#2863   ComponentElement.performRebuild (package:flutter/src/widgets/framework.dart:5854:16)
#2864   Element.rebuild (package:flutter/src/widgets/framework.dart:5542:7)
#2865   ProxyElement.update (package:flutter/src/widgets/framework.dart:6162:5)
#2866   Element.updateChild (package:flutter/src/widgets/framework.dart:4050:15)
#2867   ComponentElement.performRebuild (package:flutter/src/widgets/framework.dart:5854:16)
#2868   Element.rebuild (package:flutter/src/widgets/framework.dart:5542:7)
#2869   ProxyElement.update (package:flutter/src/widgets/framework.dart:6162:5)
#2870   Element.updateChild (package:flutter/src/widgets/framework.dart:4050:15)
#2871   _RawViewElement._updateChild (package:flutter/src/widgets/view.dart:488:16)
#2872   _RawViewElement.update (package:flutter/src/widgets/view.dart:575:5)
#2873   Element.updateChild (package:flutter/src/widgets/framework.dart:4050:15)
#2874   ComponentElement.performRebuild (package:flutter/src/widgets/framework.dart:5854:16)
#2875   Element.rebuild (package:flutter/src/widgets/framework.dart:5542:7)
#2876   StatelessElement.update (package:flutter/src/widgets/framework.dart:5908:5)
#2877   Element.updateChild (package:flutter/src/widgets/framework.dart:4050:15)
#2878   ComponentElement.performRebuild (package:flutter/src/widgets/framework.dart:5854:16)
#2879   StatefulElement.performRebuild (package:flutter/src/widgets/framework.dart:5995:11)
#2880   Element.rebuild (package:flutter/src/widgets/framework.dart:5542:7)
#2881   StatefulElement.update (package:flutter/src/widgets/framework.dart:6020:5)
#2882   Element.updateChild (package:flutter/src/widgets/framework.dart:4050:15)
#2883   RootElement._rebuild (package:flutter/src/widgets/binding.dart:2091:16)
#2884   RootElement.update (package:flutter/src/widgets/binding.dart:2069:5)
#2885   RootElement.performRebuild (package:flutter/src/widgets/binding.dart:2083:7)
#2886   Element.rebuild (package:flutter/src/widgets/framework.dart:5542:7)
#2887   BuildScope._tryRebuild (package:flutter/src/widgets/framework.dart:2763:15)
#2888   BuildScope._flushDirtyElements (package:flutter/src/widgets/framework.dart:2820:11)
#2889   BuildOwner.buildScope (package:flutter/src/widgets/framework.dart:3124:18)
#2890   AutomatedTestWidgetsFlutterBinding.drawFrame (package:flutter_test/src/binding.dart:2432:19)
#2891   RendererBinding._handlePersistentFrameCallback (package:flutter/src/rendering/binding.dart:558:5)
#2892   SchedulerBinding._invokeFrameCallback (package:flutter/src/scheduler/binding.dart:1430:15)
#2893   SchedulerBinding.handleDrawFrame (package:flutter/src/scheduler/binding.dart:1345:9)
#2894   AutomatedTestWidgetsFlutterBinding.pump.<anonymous closure> (package:flutter_test/src/binding.dart:2261:9)
#2897   TestAsyncUtils.guard (package:flutter_test/src/test_async_utils.dart:74:41)
#2898   AutomatedTestWidgetsFlutterBinding.pump (package:flutter_test/src/binding.dart:2250:27)
#2899   WidgetTester.pumpWidget.<anonymous closure> (package:flutter_test/src/widget_tester.dart:598:22)
#2902   TestAsyncUtils.guard (package:flutter_test/src/test_async_utils.dart:74:41)
#2903   WidgetTester.pumpWidget (package:flutter_test/src/widget_tester.dart:595:27)
#2904   main.<anonymous closure>.<anonymous closure> (file:///D:/Shadow/Projects/Personal/Worship%20Chat/worship_chat/test/forward_message_test.dart:93:20)
#2905   testWidgets.<anonymous closure>.<anonymous closure> (package:flutter_test/src/widget_tester.dart:192:29)
#2907   testWidgets.<anonymous closure>.<anonymous closure> (package:flutter_test/src/widget_tester.dart:189:25)
#2908   TestWidgetsFlutterBinding._runTestBody (package:flutter_test/src/binding.dart:1953:19)
#2910   TestWidgetsFlutterBinding._runTestBody (package:flutter_test/src/binding.dart:1942:5)
#2913   TestWidgetsFlutterBinding._runTest (package:flutter_test/src/binding.dart:1927:10)
#2914   AutomatedTestWidgetsFlutterBinding.runTest.<anonymous closure> (package:flutter_test/src/binding.dart:2490:24)
#2915   FakeAsync.run.<anonymous closure>.<anonymous closure> (package:fake_async/fake_async.dart:182:47)
#2920   withClock (package:clock/src/default.dart:52:10)
#2921   FakeAsync.run.<anonymous closure> (package:fake_async/fake_async.dart:182:15)
#2926   FakeAsync.run (package:fake_async/fake_async.dart:181:52)
#2927   AutomatedTestWidgetsFlutterBinding.runTest (package:flutter_test/src/binding.dart:2487:15)
#2928   testWidgets.<anonymous closure> (package:flutter_test/src/widget_tester.dart:184:24)
#2929   Declarer.test.<anonymous closure>.<anonymous closure> (package:test_api/src/backend/declarer.dart:253:25)
#2931   Declarer.test.<anonymous closure>.<anonymous closure> (package:test_api/src/backend/declarer.dart:252:15)
#2936   Declarer.test.<anonymous closure> (package:test_api/src/backend/declarer.dart:250:17)
#2937   Invoker._waitForOutstandingCallbacks.<anonymous closure> (package:test_api/src/backend/invoker.dart:318:17)
#2942   Invoker._waitForOutstandingCallbacks (package:test_api/src/backend/invoker.dart:314:5)
#2943   Invoker._onRun.<anonymous closure>.<anonymous closure>.<anonymous closure> (package:test_api/src/backend/invoker.dart:457:21)
#2945   Invoker._onRun.<anonymous closure>.<anonymous closure>.<anonymous closure> (package:test_api/src/backend/invoker.dart:455:15)
#2950   Invoker._onRun.<anonymous closure>.<anonymous closure> (package:test_api/src/backend/invoker.dart:445:11)
#2951   Invoker._guardIfGuarded (package:test_api/src/backend/invoker.dart:500:15)
#2952   Invoker._onRun.<anonymous closure> (package:test_api/src/backend/invoker.dart:444:9)
#2959   Invoker._onRun (package:test_api/src/backend/invoker.dart:442:11)
#2960   LiveTestController.run (package:test_api/src/backend/live_test_controller.dart:161:11)
#2961   RemoteListener._runLiveTest.<anonymous closure> (package:test_api/src/backend/remote_listener.dart:320:16)
#2966   RemoteListener._runLiveTest (package:test_api/src/backend/remote_listener.dart:319:5)
#2967   RemoteListener._serializeTest.<anonymous closure> (package:test_api/src/backend/remote_listener.dart:261:7)
#2985   _GuaranteeSink.add (package:stream_channel/src/guarantee_channel.dart:125:12)
#2986   new _MultiChannel.<anonymous closure> (package:stream_channel/src/multi_channel.dart:159:31)
#2988   CastStreamSubscription._onData (dart:_internal/async_cast.dart:95:11)
#3014   new _WebSocketImpl._fromSocket.<anonymous closure> (dart:_http/websocket_impl.dart:1530:27)
#3020   _WebSocketProtocolTransformer._messageFrameEnd (dart:_http/websocket_impl.dart:525:23)
#3021   _WebSocketProtocolTransformer.add (dart:_http/websocket_impl.dart:409:46)
#3029   _Socket._onData (dart:io-patch/socket_patch.dart:2906:41)
#3036   new _RawSocket.<anonymous closure> (dart:io-patch/socket_patch.dart:2344:31)
#3037   _NativeSocket.issueReadEvent.issue (dart:io-patch/socket_patch.dart:1679:14)
#3041   testWidgets.<anonymous closure>.<anonymous closure> (package:flutter_test/src/widget_tester.dart:189:25)
#3042   TestWidgetsFlutterBinding._runTestBody (package:flutter_test/src/binding.dart:1953:19)
#3044   TestWidgetsFlutterBinding._runTestBody (package:flutter_test/src/binding.dart:1942:5)
#3047   TestWidgetsFlutterBinding._runTest (package:flutter_test/src/binding.dart:1927:10)
#3048   AutomatedTestWidgetsFlutterBinding.runTest.<anonymous closure> (package:flutter_test/src/binding.dart:2490:24)
#3049   FakeAsync.run.<anonymous closure>.<anonymous closure> (package:fake_async/fake_async.dart:182:47)
#3054   withClock (package:clock/src/default.dart:52:10)
#3055   FakeAsync.run.<anonymous closure> (package:fake_async/fake_async.dart:182:15)
#3060   FakeAsync.run (package:fake_async/fake_async.dart:181:52)
#3061   AutomatedTestWidgetsFlutterBinding.runTest (package:flutter_test/src/binding.dart:2487:15)
#3062   testWidgets.<anonymous closure> (package:flutter_test/src/widget_tester.dart:184:24)
#3063   Declarer.test.<anonymous closure>.<anonymous closure> (package:test_api/src/backend/declarer.dart:253:25)
#3065   Declarer.test.<anonymous closure>.<anonymous closure> (package:test_api/src/backend/declarer.dart:252:15)
#3070   Declarer.test.<anonymous closure> (package:test_api/src/backend/declarer.dart:250:17)
#3071   Invoker._waitForOutstandingCallbacks.<anonymous closure> (package:test_api/src/backend/invoker.dart:318:17)
#3076   Invoker._waitForOutstandingCallbacks (package:test_api/src/backend/invoker.dart:314:5)
#3077   Invoker._onRun.<anonymous closure>.<anonymous closure>.<anonymous closure> (package:test_api/src/backend/invoker.dart:457:21)
#3079   Invoker._onRun.<anonymous closure>.<anonymous closure>.<anonymous closure> (package:test_api/src/backend/invoker.dart:455:15)
#3084   Invoker._onRun.<anonymous closure>.<anonymous closure> (package:test_api/src/backend/invoker.dart:445:11)
#3085   Invoker._guardIfGuarded (package:test_api/src/backend/invoker.dart:500:15)
#3086   Invoker._onRun.<anonymous closure> (package:test_api/src/backend/invoker.dart:444:9)
#3093   Invoker._onRun (package:test_api/src/backend/invoker.dart:442:11)
#3094   LiveTestController.run (package:test_api/src/backend/live_test_controller.dart:161:11)
#3095   RemoteListener._runLiveTest.<anonymous closure> (package:test_api/src/backend/remote_listener.dart:320:16)
#3100   RemoteListener._runLiveTest (package:test_api/src/backend/remote_listener.dart:319:5)
#3101   RemoteListener._serializeTest.<anonymous closure> (package:test_api/src/backend/remote_listener.dart:261:7)
#3119   _GuaranteeSink.add (package:stream_channel/src/guarantee_channel.dart:125:12)
#3120   new _MultiChannel.<anonymous closure> (package:stream_channel/src/multi_channel.dart:159:31)
#3122   CastStreamSubscription._onData (dart:_internal/async_cast.dart:95:11)
#3148   new _WebSocketImpl._fromSocket.<anonymous closure> (dart:_http/websocket_impl.dart:1530:27)
#3154   _WebSocketProtocolTransformer._messageFrameEnd (dart:_http/websocket_impl.dart:525:23)
#3155   _WebSocketProtocolTransformer.add (dart:_http/websocket_impl.dart:409:46)
#3163   _Socket._onData (dart:io-patch/socket_patch.dart:2906:41)
#3170   new _RawSocket.<anonymous closure> (dart:io-patch/socket_patch.dart:2344:31)
#3171   _NativeSocket.issueReadEvent.issue (dart:io-patch/socket_patch.dart:1679:14)
(elided 212 frames from dart:async and package:stack_trace)

════════════════════════════════════════════════════════════════════════════════════════════════════
══╡ EXCEPTION CAUGHT BY FLUTTER TEST FRAMEWORK ╞════════════════════════════════════════════════════
The following TestFailure was thrown running a test:
Expected: exactly one matching candidate
  Actual: _TextWidgetFinder:<Found 0 widgets with text "Forward to...": []>
   Which: means none were found but one was expected

When the exception was thrown, this was the stack:
#4      main.<anonymous closure>.<anonymous closure> (file:///D:/Shadow/Projects/Personal/Worship%20Chat/worship_chat/test/forward_message_test.dart:108:7)
<asynchronous suspension>
#5      testWidgets.<anonymous closure>.<anonymous closure> (package:flutter_test/src/widget_tester.dart:192:15)
<asynchronous suspension>
#6      TestWidgetsFlutterBinding._runTestBody (package:flutter_test/src/binding.dart:1953:5)
<asynchronous suspension>
<asynchronous suspension>
(elided one frame from package:stack_trace)

This was caught by the test expectation on the following line:
  file:///D:/Shadow/Projects/Personal/Worship%20Chat/worship_chat/test/forward_message_test.dart line 108
The test description was:
  ForwardMessageSheet builds without error
════════════════════════════════════════════════════════════════════════════════════════════════════
══╡ EXCEPTION CAUGHT BY FLUTTER TEST FRAMEWORK ╞════════════════════════════════════════════════════
The following message was thrown:
Multiple exceptions (2) were detected during the running of the current test, and at least one was
unexpected.
════════════════════════════════════════════════════════════════════════════════════════════════════
00:01 +0 -1: ForwardMessagePayload tests ForwardMessageSheet builds without error [E]
  Test failed. See exception logs above.
  The test description was: ForwardMessageSheet builds without error
  
00:01 +0 -1: Some tests failed.

Failing tests:
  D:/Shadow/Projects/Personal/Worship Chat/worship_chat/test/forward_message_test.dart: ForwardMessagePayload tests ForwardMessageSheet builds without error
